User: gugy
Ran on desktop21:
stdin: is not a tty
In worker In worker In worker  In worker  laai_academicIn worker  luca_academic
  
gugy_elevatedIn worker 
 luca_elevatedgugy_academic
Adding user laai_elevated
391979362
Adding user 
241759592
laai_academic app - trying user 391979362
laai_elevated app - trying user 241759592
User count:  1
User count:  2
Save user
############ Took 0.8794310768445333 minutes #################
In worker In worker In worker  gugy_academic
 In worker  gugy_elevated
laai_academic In worker  luca_academic

laai_elevated
In worker  luca_elevatedAdding user
 989664315182632961
Adding userlaai_elevated app - trying user 989664315182632961 17308006

laai_academic app - trying user 17308006
User count:  3
User count: Save user 4

############ Took 1.1889077226320903 minutes #################
In worker  laai_elevated
In worker  laai_academic
In worker In worker In worker  luca_academic
In worker  luca_elevatedAdding user 253473812
Adding user 2859439174
 gugy_elevated

 gugy_academic
laai_academic app - trying user 253473812
laai_elevated app - trying user 2859439174
User count:  5
Can't fetch tweets of user 253473812
User count: Save user 6

############ Took 1.4242282271385194 minutes #################
