User running the script: gugy
Running on desktop17:
stdin: is not a tty
In worker In worker  In worker  gugy_academic
laai_academicIn worker  
In worker laai_elevated
In worker  luca_elevated Adding user Bacon Obama

 luca_academicAdding user
 Ed Cagegugy_elevated

Adding user Talbage Allen Jr.
Adding user Jim Black
Adding user Helen Osborn
luca_elevated app: trying user  Talbage Allen Jr.
laai_academic app: trying user laai_elevated app: trying user  Bacon Obama
 Ed Cagegugy_academic app: trying user 
 Helen Osborn
gugy_elevated app: trying user  Jim Black
luca_elevated app getting response for Talbage Allen Jr.
laai_academic app getting response for Bacon Obama
laai_elevated app getting response for Ed Cagegugy_academic app getting response for Helen Osborngugy_elevated app getting response for Jim Black


User count:  1
User count:  2
User count:  3
User count:  4
User count:  5
Save user

############ Took 0.03520752191543579 minutes #################
In worker In worker  In worker laai_elevated
  In worker  gugy_elevatedIn worker  luca_academic

laai_academicIn worker 
Adding user luca_elevated
gugy_academic 
Build My Christmas
Adding user Planetsanta.com
Adding user Scott Patterson
Adding user Democlaai_elevated app: trying user 
 Build My Christmas
Adding user gugy_elevated app: trying user  luca_academic app: trying user MasterTeePlanetsanta.com 

Scott Patterson
laai_academic app: trying user luca_elevated app: trying user   DemocMasterTee

laai_elevated app getting response for Build My Christmas
luca_elevated app getting response for MasterTee
gugy_elevated app getting response for Planetsanta.comluca_academic app getting response for Scott Patterson

laai_academic app getting response for Democ
User count:  6
User count:  7
User count:  8
luca_academic app getting response for Scott Patterson
laai_academic app getting response for Democ
luca_academic app getting response for Scott Patterson
laai_academic app getting response for Democ
User count:  9
laai_academic app getting response for Democ
laai_academic app getting response for Democ
User count: Save user 
10

############ Took 0.18761855363845825 minutes #################
In worker In worker   laai_academic
In worker  gugy_academic
laai_elevatedIn worker  
gugy_elevated
In worker  In worker  luca_academicAdding userluca_elevated
 World Wildlife Fund
Adding user
 Josh Parsons
Adding user West Virginia Health News
Adding user m/Oppenheim ORG
Adding user luca_elevated app: trying user Janusz Wójcik 🇵🇱❤️💯
 Josh Parsons
luca_academic app: trying user  World Wildlife Fund
gugy_elevated app: trying user laai_elevated app: trying user   West Virginia Health News
m/Oppenheim ORG
laai_academic app: trying user  Janusz Wójcik 🇵🇱❤️💯
luca_elevated app getting response for Josh Parsons
luca_academic app getting response for World Wildlife Fundgugy_elevated app getting response for m/Oppenheim ORG
laai_elevated app getting response for West Virginia Health News
laai_academic app getting response for Janusz Wójcik 🇵🇱❤️💯

User count:  11
User count:  12
User count:  13
User count:  14
gugy_elevated app getting response for m/Oppenheim ORG
gugy_elevated app getting response for m/Oppenheim ORG
gugy_elevated app getting response for m/Oppenheim ORG
User count:  15
Save user

############ Took 0.14823365608851116 minutes #################
In worker In worker   laai_elevatedIn worker  gugy_academic

In worker laai_academic 
In worker  luca_academicgugy_elevated
In worker  luca_elevatedAdding user
 🇯🇲Leonardo DeBAPBAPBAPrio🇯🇲

Adding user Karen Mattonen Homes In San Diego County
Adding user Smiley the Leftist
Adding user ~1
Adding user ruben
laai_elevated app: trying user luca_academic app: trying user  gugy_academic app: trying user  Smiley the Leftist
laai_academic app: trying user Karen Mattonen Homes In San Diego County  ~1
🇯🇲Leonardo DeBAPBAPBAPrio🇯🇲
gugy_elevated app: trying user 
 ruben
luca_academic app getting response for Smiley the Leftist
laai_academic app getting response for ~1laai_elevated app getting response for Karen Mattonen Homes In San Diego Countygugy_academic app getting response for 🇯🇲Leonardo DeBAPBAPBAPrio🇯🇲gugy_elevated app getting response for ruben



User count:  16
User count:  17
User count:  18
luca_academic app getting response for Smiley the Leftist
laai_elevated app getting response for Karen Mattonen Homes In San Diego County
User count:  19
laai_elevated app getting response for Karen Mattonen Homes In San Diego County
laai_elevated app getting response for Karen Mattonen Homes In San Diego County
laai_elevated app getting response for Karen Mattonen Homes In San Diego County
User count:  20
Save user

############ Took 0.19067050218582154 minutes #################
